aback
abandon
abase
abate
abet
abets
abhor
abide
abides
ability
ablate
able
abler
ably
abnormal
abode
abort
abound
about
above
abscissa
abseil
absence
abstract
abundant
abuse
abut
academia
academic
academy
accede
acceding
accent
accept
accepted
access
accessed
acclaim
accost
account
accrue
accrued
accuracy
accurate
accuse
accuses
ace
aced
aces
acetic
ache
ached
aches
achieve
achieved
aching
acid
acidity
acidly
acids
acme
acne
acorn
acorns
acoustic
acquaint
acquire
acquit
acre
acres
acrid
acrobat
across
act
acted
acting
action
activate
active
activism
activist
activity
actor
acts
actual
actually
actuary
acuity
acute
adage
adapt
adaptive
add
added
addendum
adder
addict
adding
addition
additive
addle
addles
address
adds
adept
adequacy
adequate
adhe
adhere
adieu
adieus
adios
adjacent
adjust
adjutant
admiral
admit
ado
adopt
adoption
adore
adorn
adorns
ads
advice
advise
advocate
adze
aeon
aeons
aerate
aether
afar
affair
affect
affected
affirm
affix
affixing
affluent
aflame
afoot
aft
after
again
agape
age
aged
ageing
agency
agenda
agent
ages
agile
agility
aging
agitate
agitated
aglow
ago
agog
agony
agree
agreed
agrees
ague
ahead
ahem
aid
aide
aided
aider
aides
aiding
aids
ail
ailing
ails
aim
aimed
aimer
aiming
aims
air
airbag
airbrush
aircraft
aired
airflow
airframe
airier
airily
airing
airline
airmail
airman
airmen
airs
airtight
airway
airy
aisle
akin
alarm
alarms
alas
album
alchemy
alcohol
ale
alembic
alert
ales
alga
algae
algal
alias
alibi
alien
alight
align
alike
alive
alkyl
all
allay
allaying
allays
allege
allergy
alley
alleys
alleyway
alliance
allocate
allot
allotted
allow
allowing
allows
alloy
alloying
allude
allure
ally
allying
almighty
almond
alms
aloes
aloft
alone
along
aloof
aloud
alpha
also
altar
altars
alter
although
alto
altos
alum
alveolar
always
am
amass
amassing
amaze
amazing
amber
ambiance
ambience
ambit
ambition
amble
ambler
ambulant
ambush
amen
amend
amiable
amiably
amicable
amicably
amid
amide
amine
amino
amiss
amity
amok
among
amoral
amount
amp
ample
amply
amps
amuck
amulet
amuse
amuses
ana
anaconda
anaemic
anagram
anatomic
anatomy
anchor
anchors
anchovy
ancient
and
android
anew
angel
anger
angering
angle
angling
angora
angrily
angry
angst
aniline
animal
animus
anion
anionic
anions
ankle
annal
anneal
annotate
announce
annoy
annoyed
annoying
annual
annually
annul
anode
anodyne
anoint
anoints
anomic
anon
anorak
anoraks
ant
anteater
antic
antigen
antique
ants
anvil
anxiety
any
anyone
anything
aorta
aortic
apace
apart
apathy
ape
aped
apes
apex
aphid
aping
aplomb
apologia
apology
appal
appals
apparel
appeal
appealed
appear
append
appetite
applaud
apple
apples
apply
appoint
approach
approval
approve
april
apron
aprons
apropos
apse
apt
aptly
aqua
aquaria
aquarium
aquatic
arable
arachnid
arc
arced
arch
archer
archery
arching
arcing
arcs
are
area
areal
areas
arena
argon
argot
arguably
argue
aria
arias
arid
arise
arising
ark
arks
arm
armchair
armed
armful
arming
armor
arms
army
aroma
arose
around
arrange
arranger
arrant
array
arrays
arrest
arrival
arrogant
arrow
arrows
arson
art
artery
artist
artists
arts
as
ash
ashes
ashy
aside
asides
ask
asked
asking
asks
asp
aspic
aspirin
asps
ass
assassin
assess
assessed
asset
assign
assume
assure
aster
astral
astray
astute
at
ate
atheist
athlete
atlas
atoll
atom
atomic
atoms
atonal
atone
atoned
atop
atrial
atrocity
attach
attache
attached
attack
attacked
attacker
attain
attains
attempt
attend
attended
attic
attics
attire
attitude
attract
auction
audacity
audience
audio
audit
auditing
audition
auger
augur
august
auk
auks
aunt
aunts
aura
aural
auric
austral
autarchy
auto
autobahn
autonomy
autumn
autumnal
avail
avails
avenge
avens
avenue
aver
average
averaged
avers
averse
avert
avian
aviary
aviation
aviator
avid
avidity
avidly
avoid
avoiding
avow
awake
awaken
awakened
award
aware
awash
away
awe
awed
awesome
awful
awfully
awing
awkward
awl
awls
awning
awry
axe
axed
axes
axial
axing
axiom
axis
axle
axon
axons
aye
azalea
babe
baby
babyhood
babyish
back
backache
backbone
backed
backhand
backing
backlash
backpack
backs
backward
backyard
bacon
bad
bade
badge
badly
bag
bagging
baggy
bagpipe
bags
baguette
bail
bails
bait
baits
baize
bake
baked
baker
bakery
bakes
baking
balance
balcony
bald
baldly
bale
baled
bales
baling
ball
ballad
ballade
balloon
ballot
ballroom
balls
balm
balmy
balsa
bamboo
ban
banal
banality
banana
band
bandage
bandanna
banded
bandit
bands
bandy
bane
bang
banged
banjo
bank
bankable
banker
banking
banquet
bans
bantam
bap
bar
barb
barbecue
barbell
barbs
bard
bards
bare
bares
bargain
barge
barges
barging
baring
bark
barman
barn
baron
baroque
barrack
barrel
barren
barrier
barrow
bars
barter
basal
basalt
base
baseball
based
basely
baser
bases
bash
basic
basics
basil
basin
basis
bask
bass
baste
basted
bat
bate
bated
bath
bathtub
batik
batman
baton
bats
batter
battery
battle
baud
baulk
bawl
bawls
bay
bays
bazaar
bazaars
bazooka
beach
beacon
bead
beaded
beadle
beads
beagle
beak
beaker
beaks
beam
bean
beans
bear
bearable
bearer
bears
beast
beat
beatify
beats
beau
beaus
beautify
beauty
beaver
became
because
beck
beckon
becks
becoming
bed
bedder
bedroom
beds
bedtime
bee
beech
beef
beeline
been
beep
beeps
beer
beers
bees
beeswax
beet
beetle
befit
before
beg
began
beget
beggar
beggars
beggary
begin
beginner
begins
begs
begun
behave
behaving
behead
beheld
behemoth
behind
beige
being
beings
belay
belays
belch
belched
belching
belie
belied
belief
belies
believe
bell
belle
bells
belly
bellyful
belong
beloved
below
belt
belts
bemoan
bench
bend
bended
bender
bending
bends
benefit
benign
bent
beret
berries
berry
berserk
berth
beset
beside
besiege
besieged
besotted
best
bet
beta
betel
betray
bets
betted
better
between
bevel
beverage
bevy
bewail
beware
beyond
bias
biased
biases
biassed
bib
bible
bibles
bibs
bicycle
bid
bidden
bide
bided
bides
bidet
biding
bids
biennial
bier
big
bigness
bigot
bike
biker
bile
bilge
bilious
bill
billable
billet
billiard
billing
billion
bills
bin
binary
bind
binding
binds
bingo
bins
bio
biology
bionic
biopsy
biota
birch
bird
birth
biscuit
bishop
bison
bisque
bit
bite
biter
bits
bitten
bitter
bittern
biweekly
black
blacking
blackish
blacks
blade
blame
bland
blank
blanking
blare
blase
blast
blaze
blazed
blazer
blazes
bleach
bleak
bleat
bled
bleed
bleep
bleeps
blemish
blench
blend
blending
bless
blew
blind
blink
blinker
blip
blips
bliss
blithe
blithely
blizzard
bloat
blob
bloc
block
blocking
blocs
blond
blood
blooded
bloodied
bloody
bloom
bloomer
blooming
blot
blots
blotting
blouse
blow
blowing
blown
blowpipe
blows
blue
bluebell
bluer
blues
bluff
bluffing
bluish
blunt
blur
blurb
blurring
blurry
blurs
blurt
blush
boa
boar
boars
boas
boat
boatload
bob
bobs
bod
bode
boded
bodes
bodies
boding
body
bodywork
bog
bogged
bogging
boggle
boggled
boggling
bogs
bogus
boil
boiled
boiler
boiling
boils
bold
bolder
bolt
bolting
bolts
bomb
bond
bonded
bonding
bonds
bone
boned
bonfire
bongo
bongos
bonier
bonus
bony
boo
booed
booing
book
bookable
bookcase
booklet
bookmark
books
bookshop
bookwork
bookworm
boom
boomed
boomer
booming
booms
boon
boor
boos
boost
boot
boots
booty
bop
border
bordered
bore
bored
boredom
borer
bores
boring
boringly
born
borne
boron
borrow
borrowed
bosom
boson
boss
bosses
bossy
bosun
bot
botanic
botany
both
bother
bothy
bottle
bottles
bottling
bottom
bouncing
bouncy
bound
bounded
bounding
bouquet
bout
boutique
bouts
bow
bowed
bowel
bower
bowie
bowing
bowl
bowling
bowls
bows
box
boxer
boxing
boy
boyhood
boyish
boys
bra
brace
brag
bragging
brags
braid
brain
brainy
brake
bran
branch
brand
bras
brash
brass
brat
brats
brave
braver
bravery
bravo
brawl
brawn
bray
braze
break
breakage
breaker
bream
bred
breed
breezing
brethren
brew
brewer
brewery
briar
bribe
bribed
bribes
brick
brickbat
bridal
bride
bridge
bridle
brief
briefing
briers
brig
bright
brim
brine
bring
bringing
brink
briny
brio
broach
broccoli
brochure
broil
broiler
broiling
broke
broken
broker
brokered
bronze
brood
broody
brook
broom
broth
brother
broths
brow
brown
brownie
browning
brunch
brunette
brunt
brush
brusque
brute
bubonic
buck
bucket
bucks
bud
budge
budget
buds
buff
buffalo
buffet
bug
bugle
bugler
bugs
build
building
built
bulb
bulge
bulk
bulks
bull
bulldog
bullet
bullfrog
bulls
bully
bum
bumble
bumbling
bump
bumper
bums
bun
bunch
bunched
bundle
bundling
bung
bungee
bunk
bunker
bunkers
bunks
buns
bunting
buoy
buoyancy
buoys
bur
burden
burdened
burger
burgle
buried
burin
burly
burn
burned
burns
burnt
burp
burps
burr
burrow
burs
bursar
burst
bursts
bury
bus
buses
bush
bushing
bushman
busk
busker
busman
bussed
bust
busts
busty
busy
busybody
but
butcher
butler
buts
butt
butted
butter
buttered
buttery
button
butts
buy
buyer
buys
buzz
buzzer
buzzers
buzzes
by
bye
byes
byte
byword
cab
cabal
cabals
cabbage
cabin
cable
cabled
cables
cabling
cabs
cache
caching
cackle
cacti
cactus
cad
caddie
cadet
cadge
cadre
cafe
caffeine
cage
caged
cages
cagey
cairn
cairns
cajoling
cake
caked
cakes
calcite
calf
calico
call
callable
caller
calling
calls
calm
calmer
calms
calve
cam
came
camel
cameo
camera
camomile
camp
campaign
camping
camps
cams
can
canal
canard
cancel
cancels
candy
cane
caned
canes
canine
canines
caning
canning
cannon
cannot
canny
canoe
canon
canonize
canons
canopy
cans
cant
canto
cantons
cantos
canyon
cap
capable
capably
capacity
cape
caped
caper
capes
capital
capo
capped
capping
caps
capsule
captain
captor
car
caramel
carat
carats
caravan
caraway
carbolic
carbon
carbonic
card
carding
cards
care
cared
career
careered
carefree
carer
carers
cares
cargo
caribou
caring
carnival
carol
carols
carp
carpal
carping
carrier
carrot
carry
cars
cart
carton
carts
carve
carving
case
casebook
cased
cases
cash
casing
casino
casinos
cask
casks
cast
castaway
caste
castes
casts
casual
casually
cat
catacomb
catapult
catch
cater
caterer
catholic
cation
cats
cattle
caulking
causal
causally
cause
caused
causes
causing
caustic
caution
cave
caveat
caved
caver
caves
caving
cavity
cavort
cay
cease
ceased
ceases
cedar
cede
ceded
ceding
ceiling
celery
cell
cellar
cello
cells
cement
cemented
censer
censure
census
cent
center
centre
centred
centres
cents
century
ceramic
cereal
ceremony
cerise
certify
cess
cession
chagrin
chain
chaining
chains
chainsaw
chair
chairman
chairs
chalice
chalk
chalking
chalks
champ
champion
chance
change
changing
channel
chant
chanting
chaos
chaotic
chap
chapel
chapped
char
charcoal
charge
charger
charm
charring
chars
chart
chary
chase
chasm
chastity
chat
chats
chatted
chatting
chatty
cheap
cheat
cheated
check
checking
checkout
cheek
cheekily
cheeky
cheep
cheer
cheerful
cheering
cheers
cheery
cheese
cheesy
cheetah
chef
chefs
chemical
chemist
cherish
cherry
cherub
chess
chessmen
chest
chew
chewable
chews
chi
chic
chicane
chick
chicken
chide
chief
chiefs
child
childish
chill
chilled
chime
chimes
chimney
chin
china
chino
chinos
chins
chip
chipmunk
chips
chirp
chit
chits
chives
chock
chocks
choir
choirs
choke
choked
chokes
chomp
chop
chopper
choppier
choral
chord
chordal
chore
chores
chorus
chose
chroma
chrome
chromium
chronic
chuck
chucking
chuckle
chuckled
chug
chum
chump
chums
chunk
churn
churned
churning
cicada
cider
cigar
cigars
cilia
cine
cinema
cinnamon
cipher
circa
circle
circlet
circuit
circular
cite
cited
cites
cities
citing
citizen
citric
citron
citrus
city
civil
civilian
civilise
civility
civilize
clad
claim
claims
clam
clams
clan
clang
clanging
clank
clans
clap
claps
claptrap
clarify
clarion
clarity
clash
clasp
class
classic
classify
classy
clausal
clause
claw
clay
clays
clean
cleaner
cleans
clear
cleat
cleavage
cleave
clef
cleft
clemency
clement
cleric
clerk
cliche
click
clicking
cliff
climatic
climax
climb
climber
climbs
climes
cling
clinging
clings
clinic
clinical
clink
clip
clips
cloak
cloaked
clock
clocking
clod
clods
clog
clone
cloned
clones
close
closet
clot
cloth
clots
cloud
clouded
clout
clouts
clove
clover
cloy
club
clubbing
clubroom
clubs
clue
clued
clues
clump
clung
clutch
coach
coaching
coal
coals
coast
coat
coated
coats
coax
cob
cobra
cobras
cobs
coca
cock
cocktail
cocoa
coconut
cod
coda
coddle
code
coded
coder
codes
coed
coerce
coercing
coercion
coercive
coffee
coffer
cog
cognac
cogs
cohesive
coil
coiled
coiling
coils
coin
coincide
coined
coining
coins
coital
coke
col
cold
colds
colic
collage
collar
collate
collect
college
collide
collie
collier
colliery
colon
colonial
colonize
colony
color
colossal
cols
colt
colts
column
coma
comas
comb
combat
combine
combing
come
comeback
comedy
comer
comes
comet
comets
comfort
comic
comical
comics
coming
comma
command
commando
commend
comment
common
commonly
communal
commute
commuted
commuter
compact
company
compass
compel
compete
competed
compile
complex
comply
compose
compost
compound
compute
con
conceal
conceit
conceive
concept
concert
concerto
concise
conclude
concrete
cone
coned
cones
confer
confetti
confide
confine
confined
confirm
conflict
confocal
confront
confuse
conga
conger
conic
conical
conics
conjoin
conjoint
conjugal
conjunct
conjure
connect
connive
cons
constant
consul
contact
contain
contempt
content
context
contour
contra
contract
control
convert
convey
conveyor
convince
convoy
cooed
cooing
cook
cookbook
cooked
cooker
cookery
cookie
cooking
cooks
cool
cooling
cools
coop
cooper
coopers
coops
coos
coot
coots
cop
cope
coped
copes
copied
copier
coping
copper
coppery
copra
copse
copy
copycat
coral
corals
cord
corded
cords
corduroy
core
cores
corgi
corgis
cork
corks
corn
corner
cornet
cornice
corns
corolla
corona
corps
corpse
correct
corridor
corrode
corroded
corrupt
corset
cosine
cosines
cosmetic
cosmic
cost
costed
cosy
cot
cots
cottage
cotton
cottoned
couch
couched
couching
cougar
cough
could
council
count
country
county
coup
coupe
couple
coupled
coupon
courage
course
court
cousin
cousins
cove
coven
cover
covert
coves
covet
cow
coward
cowed
cower
cowl
cowled
cows
cox
coxswain
coy
crab
crabs
crack
cracker
cracking
crackpot
craft
crafty
crag
crags
cram
cramp
crams
crane
craning
crank
cranking
crash
crass
crate
crater
crave
craving
crawl
crayfish
creak
cream
creamer
creamery
creamier
creamy
create
creche
creches
credit
credo
creed
creeds
creek
creel
creep
creeps
crepe
crept
crescent
crest
crested
crevice
crew
crewed
crewing
crib
cribbage
cribs
crick
cricket
cried
crier
cries
crime
criminal
crimp
crimping
crimson
cringe
crisp
crisply
crispy
critic
critical
croak
crochet
crock
crone
crony
crook
crooks
croon
croons
crop
crops
cross
crossbar
crossing
crotch
crotchet
crouch
crouched
croup
crow
crowbar
crowd
crown
crowns
crows
crucial
crucifix
crude
cruder
cruel
cruelty
cruet
cruise
crumb
crumble
crumpet
crumple
crunch
crunched
crush
crust
crux
cry
crying
crypt
cryptic
cub
cube
cubed
cubes
cubic
cubicle
cubing
cubit
cubs
cuckoo
cuckoos
cucumber
cud
cuddle
cue
cued
cues
cuff
cuffed
cuffs
cuing
cuisine
culinary
cull
culled
culling
culprit
cult
cults
cultural
culture
cup
cupidity
cups
cur
curate
curator
curb
curd
curdle
cure
cured
curer
cures
curia
curial
curies
curing
curio
curl
curled
curls
curly
currant
currency
curry
currying
curs
curse
cursing
cursor
cursory
curt
curve
cushion
cusp
cusps
cuss
custom
cut
cute
cuter
cutest
cutlass
cutler
cutlery
cutlet
cutlets
cuts
cuttle
cyan
cycle
cycled
cyclone
cymbal
cymbals
cynic
cynicism
cynics
cyst
cysts
dab
dabs
dace
dacha
dactyl
dactylic
dad
dado
daffodil
daft
daily
dairy
dais
daisy
dale
dales
dally
dallying
dam
damage
damaged
damaging
dame
damp
dams
dance
danced
dancing
dandy
dank
dapple
dare
dared
dares
daring
dark
darken
darker
darkroom
darn
darned
dart
darts
dash
data
date
dated
dates
dating
dative
datum
daub
daubed
daunt
dawdle
dawn
dawns
day
daydream
daylight
days
daze
dazzle
dazzles
dazzling
dead
deaden
deaf
deal
deals
dealt
dean
dear
dearer
dears
death
debate
debated
debit
debt
debts
debug
debut
decade
decades
decant
decay
decease
deceased
deceit
deceits
deceive
decent
decibel
decide
decides
deciding
decisive
deck
decks
decline
declined
deco
decode
decodes
decor
decoy
decr
decree
decrees
decry
deed
deeds
deem
deems
deep
deepen
deeper
deeply
deer
deface
defeat
defeated
defecate
defect
defected
defend
defer
defied
defies
defiling
define
definer
defines
defining
deflect
deform
deft
defy
defying
degas
degrade
degraded
degree
deify
deign
deigns
deity
delay
delete
deleted
deletes
delight
dell
dells
delta
deluxe
delve
demand
demise
demised
demo
demon
demos
demote
demur
demure
demurely
den
denied
denier
denies
denim
denote
dens
dense
denser
dent
dented
dents
denude
deny
depend
depends
deplete
depleted
deploy
deployed
depot
depots
deprave
depraved
depress
deride
derive
derived
descend
desert
deserted
deserve
design
desire
desist
desk
despot
detach
detached
detect
detected
detector
detects
deter
deters
detest
detested
detester
detoxify
deuce
devalue
develop
device
devices
devil
devise
devised
devising
devolve
devote
devotee
devour
devout
devoutly
dew
dewdrop
dews
dewy
dhow
diagram
dial
dials
diamond
diary
diatom
dice
diced
dicing
dictate
dictated
diction
did
die
died
dies
diesel
diet
diets
differ
differed
diffuse
diffused
dig
digest
digested
digit
digital
dignity
digs
dike
dikes
dilating
dill
dilly
dilute
diluting
dim
dimer
dimers
diminish
dimly
dimmer
dimple
dims
din
dinar
dine
dined
diner
dines
dingo
dingy
dining
dinky
dinner
dint
dints
diode
diodes
dip
diploma
dipper
dips
dire
direct
dirge
dirt
dirty
disarray
disc
discard
disco
discord
disease
disgust
dish
dished
dishes
disjunct
dislike
disliked
disobey
dispel
distant
district
distrust
dither
ditto
ditty
diva
divan
divas
dive
dived
diver
divers
dives
divest
divide
divided
dividend
divine
divined
divines
diving
divining
division
divisive
divorce
divot
dizzy
dizzying
do
dock
docked
docket
docking
docks
dockside
dockyard
doctor
dodge
dodo
dodos
doe
doer
doers
does
dog
doge
dogfight
dogs
dogsbody
doily
doing
dole
doled
doles
doling
doll
dollar
dolly
dolphin
dolt
domain
dome
domed
domes
dominant
dominion
domino
don
donation
done
dong
donor
donors
dons
doodle
doodles
doom
doomed
dooms
doomsday
door
doorbell
doors
dope
doped
dopes
doping
dormice
dose
dosed
doses
dot
dote
doted
dotes
dots
double
doubt
doubtful
dough
doughnut
dour
douse
dove
dovecot
doves
dowel
down
downhill
downing
download
downpour
downs
downward
downwind
dowry
dowse
dowser
doyen
doze
dozen
dozing
drab
drag
dragging
dragon
dragoon
drags
drain
drake
dram
drama
dramatic
drank
drape
draped
draught
draughty
draw
drawback
drawer
drawl
drawn
draws
dray
drays
dread
dreaded
dream
dreamer
dreamy
drear
dredge
dredged
dregs
drench
drenched
dress
dresser
dressy
drew
dribble
dried
drier
driers
dries
drift
drifting
drill
drilling
drily
drink
drinking
drip
drive
driver
drives
driving
drizzle
drizzly
droll
drone
droned
droning
drool
droop
drooping
drop
drought
drove
drover
droves
drown
drudge
drudgery
drug
drum
drummer
drums
drunk
dry
dryer
drying
dryness
dual
duals
dub
dubs
duck
ducking
duckling
duct
ducts
dud
duds
due
duel
duels
dues
duet
duets
duff
duffel
dug
dugout
duke
dukes
dulcet
dull
duly
dumb
dumber
dump
dumping
dumpling
dun
dunce
dune
dunes
dung
dungeon
dunk
duo
duologue
duomo
duos
dupe
duped
during
dusk
dust
dusted
duster
dustily
dusts
dusty
duties
duty
duvet
duvets
dwarf
dwell
dweller
dwelling
dyad
dye
dyed
dyeing
dyer
dyers
dyes
dying
dynamic
dyne
each
eager
eagle
ear
eared
earl
early
earn
earned
earner
earning
earns
ears
earth
ease
eased
easel
eases
easier
east
easy
eat
eaten
eater
eating
eats
eaves
ebb
ebbs
ebony
echo
echoes
ecology
economic
economy
eddies
eddy
edge
edged
edges
edgily
edgy
edible
edict
edicts
edify
edit
edited
edits
eel
eels
eerie
efface
effaced
effect
egg
eggs
ego
egoist
egos
egress
eider
eight
eighth
eights
eighty
either
eject
eke
eked
eking
elan
elate
elbow
elder
eldest
elect
elected
elects
elegance
elegant
elegy
element
eleven
elf
elfin
elicit
elide
elided
elides
eliding
eligible
elite
elites
elk
elks
ell
ellipse
ells
elm
elms
elope
eloped
else
elude
eludes
eluding
elven
elves
email
embed
ember
embers
embody
emery
emir
emirs
emit
emits
emote
emperor
empire
employ
employee
empty
emu
emus
enact
enacted
encase
enclave
enclose
encore
end
endear
ended
endemic
ending
endive
endless
endow
ends
endure
endured
enema
enemy
energy
enforce
engage
engine
engines
english
engulf
enigma
enjoy
enjoyed
enlist
ennui
enough
enrage
enraging
enrich
enrol
ensign
ensue
ensues
ensuing
ensure
enter
entered
enters
entice
enticed
entire
entirety
entity
entreat
entree
entry
envelop
envelope
envied
envies
envoy
envoys
envy
eon
eons
eosin
epic
epics
epoch
equal
equality
equate
equated
equine
equip
equips
equity
era
eras
erase
erased
eraser
erasers
erases
erasure
erasures
erect
erected
erects
erg
ergo
ergs
ermine
erode
eroded
erodes
erosive
err
errand
errant
errata
erred
erring
error
errs
erupt
escape
escapes
escort
espy
esquire
essay
estate
esteem
esteems
ester
esters
eta
etch
etched
eternity
ether
ethic
ethicist
ethics
ethnic
ethos
evade
evaded
evader
evasive
eve
even
evened
evening
evenly
evens
event
events
ever
every
everyday
everyone
eves
evict
evidence
evident
evil
evils
evince
evinced
evoke
evoked
evoking
evolve
evolved
ewe
ewes
exact
exalt
exam
examine
example
exceed
except
excepted
exchange
excise
excite
excited
exert
exhale
exhaled
exhibit
exile
exist
exit
exited
exits
expect
expected
expel
expert
expire
explicit
explode
exploit
explore
extend
extent
extol
extra
exude
exult
eye
eyeball
eyebrow
eyed
eyelet
eyes
fable
fabric
facade
face
faced
facet
faceted
facia
facial
facility
facing
facings
fact
factor
factory
facts
factual
faculty
fad
fade
faded
fadeout
fads
faecal
fail
fails
faint
fainting
faintly
faints
fair
fairer
fairly
fairs
fairway
fairy
faith
faithful
fake
faked
fakes
faking
falcon
falcons
fall
fallacy
fallout
falls
fame
familial
familiar
family
famine
famous
fan
fanciful
fandango
fanfare
fang
fangs
fans
fantasia
fantasy
far
farad
faraway
farce
farcical
fare
fared
fares
faring
farm
farmer
farming
farmland
farmyard
fashion
fast
fasts
fat
fatal
fatally
fate
fated
fateful
fatigue
fats
fault
faults
faulty
fauna
fawn
fawns
fax
faxing
fear
fears
feat
feature
february
fed
fee
feed
feedback
feeder
feeding
feeds
feel
feeling
feels
fees
feet
feign
feigned
feigning
feint
feints
feline
fell
feller
felling
fellow
felon
felt
female
feminism
fen
fence
fencer
fencers
fences
fencing
fend
fended
fender
fending
fends
fens
feral
ferment
fermion
fern
ferns
ferny
ferret
ferrite
ferry
fervid
fest
festive
fetch
fete
feted
fetes
fetid
fetter
feud
feuds
fever
fevered
fevers
few
fewer
fiance
fiancee
fiat
fib
fiber
fibre
fiche
fiches
fickle
fiction
fiddling
fief
fiefs
field
fielding
fiend
fiends
fierce
fiercer
fierier
fiery
fife
fifes
fifteen
fifth
fiftieth
fifty
fig
fight
fighting
fights
figment
figs
figure
figuring
filch
file
filed
filer
files
filing
fill
filled
filler
fills
filly
film
films
filth
fin
final
finale
finality
finalize
finally
finance
finch
find
finder
finding
finds
fine
fined
finely
finer
finery
fines
finest
finger
finial
fining
finish
finite
finitely
fins
fiord
fir
fire
firearm
firebox
fired
firefly
fireman
firemen
firer
fires
firewood
firework
firing
firm
firmer
firs
first
firstly
firth
fiscal
fish
fisher
fishery
fishier
fishing
fishwife
fishy
fist
fistful
fists
fistula
fit
fitful
fitly
fitment
fitness
fits
five
fiver
fives
fix
fixed
fixer
fixes
fixing
fixture
flack
flag
flagella
flagon
flags
flail
flair
flak
flake
flaking
flame
flan
flank
flanking
flans
flap
flapjack
flappy
flaps
flare
flat
flatly
flatmate
flats
flatus
flaunt
flautist
flaw
flaws
flay
flea
fleck
flecked
fled
flee
fleeing
flees
fleet
flesh
flew
flex
flexed
flexible
flexibly
flexion
flick
flicker
flicking
flier
fliers
flies
flight
flimsy
fling
flings
flint
flinty
flip
flippant
flips
flirt
flirting
flirts
flit
flits
float
floaty
flock
floe
floes
flog
flogs
flood
flooding
floodlit
floor
flooring
flop
flopping
flora
floral
florin
florist
floss
flour
flourish
flours
floury
flout
flow
flower
flowery
flown
flows
flu
flue
fluency
fluent
fluently
flues
fluff
fluffier
fluffing
fluid
fluke
flung
flurry
flush
flushed
flushing
flute
flutter
flux
fly
flyer
flywheel
foal
foals
foam
foams
fob
focal
foci
focus
focused
focuses
focusing
fodder
foe
foes
foetid
fog
fogs
foil
foiled
foils
foist
fold
folded
folder
folding
folds
foliage
folio
folios
folk
folks
follow
follower
folly
fond
font
food
foods
fool
fooling
foolish
fools
foot
football
footnote
footpath
foots
footstep
fop
fops
for
foray
forbear
forbid
force
forceful
ford
forded
fore
forebear
forego
foregone
forest
foretell
forever
forge
forget
forgive
forgo
forgone
forgot
fork
form
formal
formed
former
formerly
formula
fort
forte
forth
fortify
forts
forty
forum
forward
fossil
foster
foul
fouler
foully
fouls
found
foundry
founds
fount
fountain
four
fours
fourth
fowl
fowls
fox
foxed
foxy
fragrant
frail
frame
framing
france
frank
franking
frankly
fray
frays
freak
freaks
freckle
freckled
free
freed
freedom
freely
freer
frees
freeze
freezer
freezing
french
freon
frequent
fresh
freshen
freshmen
fret
frets
friar
friction
friday
fried
friend
fries
frieze
fright
frigid
frill
fringe
fringing
fro
frock
frog
from
frond
front
fronting
frost
frosty
froth
frown
froze
frozen
frugal
frugally
fruit
fruitful
fruition
fruity
fry
fryer
fudge
fuel
fuelling
fuels
fug
fugal
full
fuller
fulling
fully
fume
fuming
fun
function
fund
funded
funds
fungi
fungus
funk
fur
furies
furious
furled
furling
furlong
furore
furred
furrow
furrowed
furry
furs
further
fury
fuse
fused
fuses
fusing
fusion
fuss
futility
futon
gable
gad
gaff
gag
gaggle
gags
gaily
gain
gained
gains
gait
gaits
gala
galactic
gale
gales
gall
gallery
galley
gallon
galls
gamble
gambol
game
gamed
games
gaming
gamma
gang
ganging
gangland
gangrene
gangs
gannet
gaol
gap
gape
gaped
gapes
gaps
garage
garages
garb
garbage
gargle
garish
garland
garlic
garret
garter
gas
gases
gash
gashing
gasp
gasps
gassy
gate
gated
gates
gating
gaudy
gauge
gauges
gaunt
gave
gavel
gaze
gazed
gazelle
gazing
gear
geared
gearing
gears
geese
gel
gels
gem
gems
gender
genders
gene
genera
generic
genes
genesis
genetic
genial
genic
genie
genii
genius
genomic
genre
genres
gentle
genus
geologic
geology
geometry
germ
germs
gerund
gesture
get
gets
getter
ghetto
ghost
ghoul
ghoulish
ghouls
giant
giants
gibber
gibbon
gibed
gibes
gift
gifts
gig
gigantic
giggling
gilded
gilding
gilds
gill
gills
gilt
gilts
gimcrack
gin
ginger
gins
ginseng
giraffe
gird
girdle
girl
girlish
girls
giro
girt
girth
gist
give
given
giver
gives
glace
glad
glade
gladly
glamour
glance
glancing
gland
glare
glass
glassful
glaze
gleam
gleamed
glean
glee
glen
glens
glib
glibly
glide
glided
glider
gliding
glint
glitter
glittery
gloat
glob
global
globally
globe
globed
gloom
gloomily
gloomy
glorify
glory
gloss
glossing
glove
glow
glue
glued
glues
gluey
gluing
glum
gluon
glut
gnarl
gnash
gnashing
gnat
gnats
gnaw
gnaws
gnome
gnomic
gnu
gnus
go
goad
goaded
goal
goals
goat
gobble
goblin
god
godhead
godlike
godly
gods
goer
goers
goes
goggles
going
goings
gold
golden
golds
golf
gone
gong
gongs
good
goodbye
goodly
goods
goodwill
goody
goose
gore
gores
gorge
gorges
gorilla
gorse
gory
gosh
gosling
goslings
gospel
got
goth
gourd
gout
govern
gown
grab
grabs
grace
grade
graded
grader
grades
grading
gradual
graffiti
graft
grail
grain
grains
grainy
gram
grammar
grand
grange
grant
granting
graph
graphic
grass
grate
grater
gratify
grating
grave
gravel
gravity
gray
graze
grease
greases
great
grebe
greed
green
greener
greenery
greenfly
greenly
greens
greet
greets
grew
grey
greyer
greys
grid
grids
grief
grill
grim
grime
grimy
grin
grind
grinds
grinner
grinning
grins
grip
gripe
griped
grips
grist
grit
grits
gritty
grizzled
groan
groat
grocer
grocery
groin
groins
groom
groove
grooving
grope
gross
ground
group
groups
grout
grove
grovel
grow
grower
growl
grown
growth
grub
grubs
gruel
gruff
grumble
grunt
grunting
guano
guard
guardian
guava
guess
guest
guests
guide
guild
guile
guilt
guilty
guise
guitar
gulf
gulfs
gull
gulls
gully
gulp
gulping
gum
gums
gun
gunfight
gunfire
gunned
gunner
guns
gurgle
guru
gurus
gush
gust
gusts
gut
guts
guttural
guy
guys
guzzling
gym
gymkhana
gymnast
gyms
gyro
gyros
habit
habitat
hack
hacking
hacks
had
haft
hag
haggis
hags
hail
hailing
hails
hair
haircare
haircut
hairline
hairpin
hairs
hairy
hake
hale
half
hall
hallmark
hallows
halls
halo
haloes
halon
halt
halts
halve
ham
hammer
hammock
hams
hand
handbag
handball
handbook
handcart
handcuff
handed
handful
handhold
handicap
handle
handled
handmade
hands
hang
hanging
hangings
hangout
hangs
happen
happened
happily
happy
hard
harden
harder
hardrock
hardwood
hardy
hare
hared
harem
hares
harm
harmful
harmony
harms
harp
harry
hart
has
hash
hasp
haste
hasty
hat
hatch
hatched
hatchet
hatching
hatchway
hate
hated
hateful
hater
hates
hatful
hating
hats
haul
hauling
hauls
haunt
haunting
have
haven
having
havoc
hawk
hawthorn
hay
hayloft
haystack
haze
hazel
head
headache
headband
headed
header
heads
headway
heady
heal
healed
healer
heals
health
heap
heaped
hear
heard
hearer
hearers
hears
hearsay
hearse
heart
hearth
hearty
heat
heated
heater
heath
heats
heatwave
heave
heaved
heaven
heavenly
heaving
heavy
heckle
hedge
heed
heeds
heel
heels
heft
hegemony
heifer
height
heights
heir
heirs
held
hell
hello
hells
helm
helmet
helmets
helms
help
helpful
helpline
hem
hemp
hems
hen
hence
henchman
henge
hens
her
herb
herbal
herd
herded
herds
here
hereby
herein
heresy
hereto
herewith
hermit
hernia
hero
heroic
heron
herring
hers
hertz
hesitate
hew
hewed
hewer
hewing
hewn
hex
hexagon
hexagram
hey
heyday
hi
hiccup
hiccups
hickory
hid
hidden
hide
hideaway
hideout
hider
hides
hiding
high
highbrow
highest
highland
highs
highway
hike
hikes
hiking
hilarity
hill
hills
hilltop
hilly
hilt
hilts
him
himself
hind
hinge
hinged
hinges
hint
hinting
hints
hip
hips
hire
hired
hirer
hires
hiring
his
hiss
hissed
hissing
historic
history
hit
hitch
hitching
hither
hits
hive
hived
hives
hiving
hmm
hoar
hoard
hoax
hob
hobbit
hobby
hobbyist
hobs
hock
hocks
hod
hoe
hoed
hoes
hog
hogs
hoist
hoists
hold
holding
holds
hole
holed
holes
holiday
holier
holing
hollow
hollows
hologram
holy
homage
home
homed
homepage
homes
homesick
homework
hone
honed
hones
honest
honey
honeyed
honing
honk
honks
honor
hood
hoods
hoodwink
hoof
hoofs
hook
hooking
hooks
hooligan
hoop
hoops
hoot
hoots
hop
hope
hopeful
hopes
hoping
hopper
hopping
hops
horde
horizon
hormonal
hormone
horn
hornet
hornpipe
horns
horrible
horribly
horrific
horse
hose
hosed
hosepipe
hoses
hosing
host
hosta
hosted
hostel
hosts
hot
hotbed
hotdog
hotel
hotels
hothouse
hotly
hots
hotter
hottest
hound
hounded
hour
hourly
hours
house
houseful
hove
hovel
hovels
hover
hoverer
how
however
howl
howled
howling
howls
hub
hubris
hubs
hue
hues
huff
huffed
hug
huge
hugs
huh
hulk
hull
hum
human
humane
humanism
humanity
humanize
humanoid
humans
humble
humbling
humid
humidity
humility
humming
humor
hump
humpback
humping
hums
humus
hundred
hung
hunger
hungered
hungrier
hungry
hunk
hunt
hunted
hunter
hunting
hunts
hurdle
hurl
hurled
hurls
hurt
hurtful
hurting
hurts
husband
hush
hustle
hut
huts
hyacinth
hybrid
hydra
hyena
hygienic
hymn
hymns
hypo
ice
iceberg
iced
iceman
ices
icicle
icier
iciest
icily
icing
icon
iconic
icons
icy
idea
ideal
idealize
ideas
identify
identity
ideology
idiom
idiot
idle
idled
idlers
idles
idling
idly
idol
idols
ids
idyll
if
ifs
igloo
ignition
ignobly
ignore
ignoring
iguana
ileum
ilk
ill
illegal
illness
ills
illumine
illusion
ilmenite
image
imagine
imbibing
imitate
immanent
immerse
immobile
immoral
imp
impaling
impeding
impel
imperium
impinge
impinged
implicit
imply
implying
impolite
import
imposing
imprint
imprints
imprison
improper
improve
improver
imps
impugn
impure
impute
in
inaction
inane
inasmuch
inborn
inbound
inbuilt
incant
incense
incensed
inch
inching
incident
incisor
incite
incited
include
included
income
incoming
incur
incurs
indeed
indent
india
indict
indicted
indigo
indoor
indoors
induce
induced
induct
inducts
indulge
inept
inert
inexact
inexpert
infamy
infant
infantry
infect
infer
inferno
infers
infest
infests
infidel
infill
infinite
infinity
infix
inform
informer
infringe
infusion
ingest
ingoing
ingot
ingots
ingrown
inhabit
inhale
inhaler
inhaling
inherit
iniquity
initial
inject
injected
injure
injuring
injury
ink
inked
inking
inks
inky
inlaid
inland
inlay
inlet
inlets
inmate
inn
innate
inner
innings
innocent
inns
innuendo
input
inputs
inquire
inquired
inquirer
inroad
ins
insane
inset
inside
insight
insignia
insomnia
inspire
instinct
instruct
insult
insure
insuring
intact
intend
intense
intent
intently
inter
interior
intern
intimacy
intimate
into
intro
inure
inured
invade
invalid
invasion
invasive
inveigh
invent
invert
invite
invited
invoice
invoke
invoker
invoking
involve
inward
iodine
ion
ionic
ions
iota
irate
ire
iris
irk
irked
irks
iron
ironed
ironic
ironical
ironing
irons
irony
irrigate
is
island
isle
isles
islet
issuance
issue
issuer
issuers
issues
issuing
it
italic
itch
itchiest
itching
itchy
item
itemize
itemized
items
its
ivies
ivory
ivy
jab
jack
jackal
jackboot
jacking
jackpot
jade
jag
jail
jailed
jam
jamb
jamboree
january
jar
jasmine
jaundice
jaunt
jauntily
jaunty
javelin
jaw
jawbone
jawline
jaws
jay
jays
jealous
jealousy
jeans
jeer
jeers
jell
jelly
jest
jester
jesters
jests
jet
jets
jewel
jeweller
jewelry
jig
jigging
jiggling
jigs
jigsaw
jilt
jingle
jingles
jingo
jive
job
jobs
joey
jog
jogger
joggers
jogs
join
joined
joiner
joins
joint
joist
jolly
jot
joule
joules
journal
journey
joy
joyed
joyful
joyfully
joyride
joys
joystick
judge
judges
judgment
jug
juggle
juggler
juggles
jugs
juice
july
jumble
jumbles
jump
jumper
jumpers
jumps
jumpsuit
junction
june
jungle
jungles
junior
juniors
juniper
junk
junkies
junks
junkyard
junta
jury
juryman
just
jut
jute
juts
juvenile
kale
kangaroo
karate
kart
kebab
keel
keeling
keels
keen
keening
keep
keeping
keeps
keepsake
keg
kegs
kelp
ken
kennel
kennels
kept
kerb
ketch
ketchup
kettle
kettles
key
keyed
keyhole
keynote
keypad
keyring
keys
kick
kickback
kicking
kid
kidding
kidney
kids
kill
killed
killer
kills
kiln
kilns
kilogram
kilos
kilowatt
kilt
kilts
kin
kind
kindle
king
kingdom
kings
kingship
kink
kinks
kins
kinsfolk
kinship
kiosk
kirk
kiss
kit
kitchen
kite
kites
kith
kits
kitted
kitten
kittens
kitting
kiwi
kiwis
knack
knacks
knapsack
knead
knee
kneed
kneel
kneeling
kneels
knees
knell
knelt
knew
knife
knifing
knight
knit
knits
knitting
knob
knobbly
knobs
knock
knockout
knot
know
knowing
known
krill
krona
krone
kyle
lab
label
labels
labile
labour
labours
labs
lace
laced
laces
lacing
lack
lacked
lacking
lacks
laconic
lacteal
lactic
lacuna
lad
laden
lading
ladle
ladling
lads
lady
lag
lager
laggard
lagged
lagging
lagoon
lags
laid
lain
lair
laird
lairs
laity
lake
lama
lamb
lambs
lame
lamed
lamina
lamp
lamps
lance
lancer
lances
lancet
lancing
land
landed
landing
landlady
landlord
landmark
lands
landward
lane
lanes
language
lank
lanky
lanolin
lanyard
lap
lapel
lapped
laps
lapse
larch
lard
large
largely
largo
lark
larva
larvae
larval
las
lase
lash
lass
lasso
last
lasts
latch
late
lately
latent
later
latex
lath
lathe
laths
laud
laudable
laugh
laughing
laundry
laurel
lava
lavas
lavatory
lavish
lavishly
law
lawful
lawfully
lawn
lawns
laws
lawsuit
lawyer
lax
laxer
lay
layabout
layer
laying
layout
lays
laze
lazed
lazing
le
lea
leach
leached
lead
leaden
leads
leaf
league
leak
leaky
lean
leaned
leaner
leaning
leans
leant
leap
leaped
leaps
leapt
learn
learner
lease
leash
leat
leave
leaved
leaven
leavened
leaver
lecher
lecture
lecturer
led
ledge
lee
leech
leeching
leek
leeks
leer
leered
leers
lees
left
lefts
leg
legacy
legal
legally
legate
legend
legible
legibly
legion
legs
leisure
lemma
lemming
lemon
lemons
lemur
lend
lender
lending
lends
length
leniency
lens
lenses
lent
lentil
lento
leper
lepton
less
lessen
lesson
lessor
lest
let
lets
letter
letters
lettuce
lever
leverage
levers
levies
levy
lewd
lexical
lexicon
liable
liar
liars
libel
liberal
liberty
library
lice
license
lichee
lichen
lick
licking
licks
licorice
lid
lido
lids
lie
lied
lien
liens
lies
lieu
life
lifeline
lifelong
lift
lifting
lifts
ligand
light
lighted
lighting
lights
likable
like
liked
likelier
likely
liken
likes
likewise
liking
lilac
lilacs
lilt
lilting
lily
limb
limber
limbo
limbs
lime
limes
liming
limit
limp
limped
limpet
limping
limply
limps
lind
linden
line
lineage
linear
lined
linen
liner
lines
linger
lingo
lining
linings
link
linked
links
linnet
lino
lint
lintel
lion
lions
lip
lipid
lipids
lips
liquid
liquor
lira
lire
lisp
lisped
lisping
lisps
list
listen
lists
lit
litany
lite
liter
lithe
lithely
litotes
litre
litter
little
littoral
live
lived
liven
liver
livers
lives
livid
living
lizard
llama
load
loads
loaf
loam
loams
loamy
loan
loaning
loans
loath
lob
lobbing
lobby
lobe
lobed
lobes
lobs
local
locale
localize
locals
locate
loch
loci
lock
lockable
locked
locking
locks
locus
locust
lode
lodge
lodo
loft
lofts
lofty
log
logged
logging
logic
logical
logo
logos
logs
loin
loins
lollipop
lone
lonely
loner
loners
lonesome
long
longbow
longed
longer
longhand
longs
look
looking
lookout
loom
looming
looms
loon
loop
looped
loophole
loops
loose
loosed
loosen
looser
loot
loots
lop
lope
loped
lopes
loping
lopped
lopping
lord
lords
lore
lorry
lose
loser
losers
loses
losing
loss
lost
lot
lota
loth
lotion
lots
lottery
lotus
loud
louder
lounge
louse
lousy
lout
louts
louver
louvre
lovable
love
loved
lover
lovers
loves
loving
low
lower
lowing
lowly
lows
loyal
loyalty
lucid
luck
lucky
lucre
ludo
lug
luggage
lugging
lugs
lull
lullaby
lumbago
lumber
lumen
lump
lumped
lumpen
lumping
lumps
lunacy
lunar
lunatic
lunch
luncheon
lune
lung
lunge
lunged
lunges
lungfish
lungs
lupin
lurch
lure
lured
lures
lurex
lurid
luring
lurk
lush
lust
lusted
luster
lusts
lusty
lute
lutes
lux
lychee
lye
lying
lyre
lyres
lyric
lyrical
lyrics
lysine
macaroni
macaw
mace
machine
macho
macro
macron
mad
madden
madder
made
mafia
magazine
magi
magic
magical
magician
magma
magnolia
magpie
mahogany
maid
mail
mailbox
mailing
mails
maim
maims
main
mainland
mainline
mains
mainstay
maintain
maize
major
make
maker
making
makings
male
males
malice
malign
mall
malls
malt
malts
man
manage
mandarin
mandolin
mane
manes
manfully
mange
mango
manhood
mania
maniac
manias
manic
manikin
mankind
manly
manned
manner
manor
manse
mansion
mantis
mantissa
mantra
manual
manually
many
map
maple
maps
mar
marathon
marble
march
mare
margin
maria
marina
marine
marital
mark
marked
marker
marking
marks
marl
marls
marmot
maroon
marred
marriage
marring
marry
marrying
mars
marsh
marshal
mart
martial
marvel
marzipan
mascara
mascot
maser
mash
mask
masking
mason
mass
massage
masses
massing
massive
mast
mastic
mastiff
masts
mat
match
mate
mated
mates
math
matinee
matins
matrix
matron
mats
matt
matte
maturity
maul
mauls
mauve
maw
max
maxim
maxima
maximal
maximize
maximum
may
maybe
mayor
maze
me
mead
meadow
meal
meals
mealtime
mean
meaning
means
meant
meantime
meat
meats
meaty
mechanic
medal
meddling
media
medicine
medium
medley
meek
meet
meeting
meets
mega
megabyte
melanin
melanoma
meld
melee
mellow
mellower
mellows
melody
melon
melons
melt
melts
member
memento
memo
memoir
memorize
memory
memos
men
menace
menacing
mend
mender
menial
mention
mentor
menu
menus
mercury
mercy
mere
merely
merest
merge
meringue
merit
merry
mesh
meshes
meson
mess
message
messing
messy
met
metal
mete
meted
meteor
meter
meters
method
metonymy
metre
metres
metric
mettle
mew
mews
mica
mice
micro
microbe
micron
mid
midden
middle
middling
midge
midi
midland
midline
midnight
midpoint
mien
might
mightier
mightily
mighty
mikes
mild
mildly
mile
mileage
miles
milieu
military
milk
milks
mill
millet
mills
mime
mimed
mimes
mimic
mimicry
miming
mince
minced
mincer
minces
mincing
mind
minded
minder
minds
mine
mined
miner
mines
mingle
mingled
minim
minimal
minimise
minimize
minimum
mining
ministry
mink
minke
minks
minor
minors
mint
mints
minty
minuet
minus
minute
mirage
mire
mired
mires
mirror
mirth
mischief
miscible
misdeed
miser
mismatch
misprint
miss
missal
missile
missing
mist
mistime
mistook
mistrust
mists
misty
mite
mites
mitre
mitt
mitten
mitts
mix
mixer
mixture
moan
moans
moat
moats
mob
mobile
mobility
mobs
mock
mockery
mocks
modal
mode
model
models
modem
modes
module
moist
molar
mold
mole
molecule
moles
molt
mom
moment
momentum
moms
monarch
money
monition
monitor
monk
monkey
monkfish
monkish
monks
mono
monocle
monolith
monomer
monopoly
monorail
monotone
monotony
month
monthly
monument
mood
moods
moody
mooed
mooesnle
mooing
moon
moonbeam
moonlit
moons
moor
moored
moors
moose
moot
mooted
mop
mope
moped
mopes
moping
mops
moral
morally
morals
more
moreover
mores
morn
morning
morns
morpheme
morsel
mort
mortar
mosquito
moss
mossy
most
mostly
motel
motels
motes
motet
moth
mother
moths
motile
motion
motivate
motive
motor
motorcar
motorist
motors
motto
mottos
mould
moult
moulting
mound
mount
mountain
mourn
mouse
mouthful
movable
move
moveable
moved
movement
mover
movers
moves
movie
moving
movingly
mow
mowed
mower
mown
mows
much
muck
mucus
mud
muddle
muddles
mudguard
muds
muff
muffin
muffling
mug
mugs
mulberry
mule
mules
mull
mullah
mullet
multiple
multiply
mum
munch
munching
mundane
muons
mural
murals
murder
muscle
muscles
muscular
muse
mused
muses
museum
mush
mushroom
music
musical
musician
muslin
mussel
mussels
must
mustard
musts
mutant
mutants
mute
muted
mutes
muting
mutiny
mutter
mutton
mutual
my
myopia
myriad
myself
mystery
mystic
mystics
myth
mythic
mythical
myths
nacho
nadir
nag
nagging
nags
nail
nailing
nails
naive
naively
naked
name
named
names
naming
nannies
nap
nape
napkin
napped
nappy
naps
narrate
narrator
narrow
narrowly
narrows
nasal
nasty
natal
nation
national
nations
native
nativity
natural
nature
naught
nausea
nautical
naval
nave
navel
navies
navvies
navy
nay
near
nearby
neared
nearer
nearing
nears
neat
neater
neck
necklace
neckline
nee
need
needle
needs
needy
negate
negating
neigh
neither
nemesis
neon
neonatal
neoprene
nephew
nerd
nerve
nerves
nest
nestle
nests
net
nether
nets
nett
netted
nettle
neuter
never
new
newborn
newer
newest
newish
newness
news
newsreel
newt
next
nib
nibs
nice
nicely
nicer
nicety
niche
nick
nickel
nickname
nicks
niece
nieces
niftily
nigh
night
nights
nihilism
nil
nimbus
nine
nines
nineteen
ninety
ninth
nip
nipper
nipping
nipple
nips
nit
nitric
nits
no
nobility
noble
nobleman
nobly
nobody
nod
nodal
node
nodes
nods
nodule
noes
nohow
noise
noises
nomad
nomadic
nominal
nominee
nonce
none
nonsense
noodle
nook
nooks
noon
noose
nor
norm
normal
normally
norms
north
northern
norway
nose
nosed
noses
nosey
nosing
nosy
not
notation
notch
notching
note
notebook
noted
notes
nothing
notice
noticing
notify
noting
notion
notional
nougat
noun
nouns
nourish
nous
nova
novel
novella
novelty
novice
now
nuance
nuances
nub
nuclei
nude
nudes
nudge
nudges
nudist
nugget
nuisance
null
nullify
nulls
numb
number
numbing
numbs
numeric
nun
nuns
nurse
nursery
nursing
nurture
nut
nutmeg
nuts
nutty
nuzzling
nylon
oaf
oafs
oak
oaks
oar
oars
oases
oasis
oat
oath
oaths
oatmeal
oats
obelisk
obese
obey
obeys
object
objector
objects
oblivion
oblong
oboe
oboes
observe
obsessed
obsidian
obtain
obverse
occasion
occluded
occult
occults
occupied
occupier
occur
occurs
ocean
ochre
ochres
octagon
octal
octant
octave
octavo
octet
odd
odder
oddly
oddness
odds
ode
odes
odium
odor
odour
oeuvre
of
off
offal
offer
offers
offhand
office
officer
offices
official
offing
offset
offshoot
offshore
offside
oft
often
ogle
ogled
ogling
ogre
ogres
ohm
ohmic
ohms
oil
oiled
oilier
oiling
oilman
oils
oily
old
olden
older
oldish
olefin
olive
olives
olympic
omelet
omelette
omen
omens
ominous
omit
omits
omnibus
on
once
oncoming
one
oneness
ones
oneself
onion
online
only
onrush
onset
onto
ontogeny
onus
onward
ooh
oops
oozy
opacity
opal
opals
open
opener
opening
openly
opens
opera
opine
opined
opines
opinion
opium
opponent
oppose
opposed
opt
opted
optic
optimism
optimist
optimize
optimum
opting
option
opts
opulence
opus
or
oracle
oral
orally
orange
orator
oratorio
oratory
orb
orbit
orbs
orchard
orchid
ordain
order
ordered
ordinary
ordure
ore
ores
organ
orient
origami
origin
origins
ostrich
other
otitis
otter
otters
ouch
ought
ounce
ounces
our
ours
oust
ousted
out
outback
outcome
outcry
outdo
outdoor
outer
outfall
outfit
outfits
outgoing
outgrow
outgrown
outing
outlast
outlay
outlook
outmoded
outplay
output
outputs
outright
outrun
outs
outsize
outwit
ova
oval
ovary
ovate
ovation
ovem
oven
ovens
over
overall
overcome
overcook
overdo
overdone
overdue
overflow
overfull
overhear
overkill
overlong
overlook
overlord
overly
overmuch
override
overrode
overrule
overs
oversee
overseen
oversize
overt
overtly
overture
overuse
overview
overwork
oviduct
ovum
owe
owed
owes
owing
owl
owls
own
owned
owner
owning
owns
oxen
oxford
oxidant
oxide
oyster
ozone
pace
paced
paces
pacey
pacified
pacifism
pacifist
pacing
pack
packable
package
packaged
packed
packs
pact
pacts
pad
padding
paddle
paddy
padre
pads
paella
pagan
page
paged
pages
pagoda
paid
pail
pails
pain
painful
paining
pains
paint
paintbox
painting
pair
pairs
pal
palace
pale
paled
paleface
palely
paler
pales
palette
paling
pall
pallet
pallor
palls
palm
palming
palms
pals
pan
pancake
panda
pandas
pandora
pane
paned
panel
pang
pangolin
panic
panning
panorama
pans
pant
panting
pap
papa
papal
paper
paprika
papyrus
par
parabola
parade
paradox
paraffin
paragon
parallel
paranoia
paraquat
parasol
parcel
parch
pardon
pare
pared
paring
parity
park
parka
parkland
parrot
parry
parsnip
parson
part
partook
parts
party
pass
passage
passe
passim
passive
past
pasta
pasty
pat
pate
paten
patent
pater
path
paths
pathway
patina
patio
pats
paucity
pause
pave
paved
paves
pavilion
paw
pawing
pawn
paws
pay
payable
payback
payed
payee
payer
paying
payphone
payroll
pays
pea
peace
peaceful
peach
peacock
peak
peaks
peal
pealed
peals
pear
pearl
peas
peat
peaty
pebble
pebbles
pecan
peck
pecked
pedal
pedant
peddle
peddling
pedigree
pedology
peek
peeking
peel
peeled
peeling
peels
peep
peeped
peephole
peeps
peer
peered
peering
peers
peg
pegs
pellet
pellucid
pelt
pelted
pen
pence
pencil
pending
pendulum
penguin
penitent
penknife
penology
pens
pensive
pent
peonies
people
peopled
peperoni
pepper
peppered
per
perceive
perch
perfect
perform
perfume
perigee
peril
perineum
period
perjure
perjured
perk
perking
perm
permit
perms
perry
person
pert
peruse
peruses
pervade
pervaded
peso
pesos
pest
pester
pests
pet
petal
peter
petered
petite
petition
pets
petted
petting
petty
pew
phantom
pharmacy
phew
phial
phials
phoenix
phone
photo
physics
physique
piano
pianos
pica
pick
picked
pickle
picture
pidgin
pie
piece
pieced
pieces
pied
pier
pierce
pierced
piercing
piers
pies
pig
pigeon
piggery
piggy
piglet
pigment
pigs
pigskin
pigtail
pike
piked
pikes
pile
piled
piles
pilgrim
piling
pill
pillow
pillows
pills
pilot
pimple
pin
pincer
pinch
pinching
pine
pined
pines
ping
pining
pinion
pinioned
pink
pinker
pinkish
pinks
pinned
pinning
pinpoint
pins
pint
pints
pioneer
pious
pip
pipe
piped
pipeline
piper
pipes
piping
pipit
pips
pique
piqued
piracy
piste
piston
pit
pitch
pitcher
pitching
pith
pithy
piton
pits
pitting
pity
pivot
pivoting
pixel
pizza
pizzeria
placard
place
placer
placid
plague
plaid
plain
plaint
plait
plan
planar
plane
planing
plank
planking
plankton
planning
plant
plantain
plasm
plat
plate
platelet
play
playable
playback
playboy
playful
playroom
plea
plead
pleas
pleat
plenty
plenum
pliant
plied
plies
plight
plod
plodding
plop
plopping
plot
plotting
plow
ploy
ploys
plug
plugging
plum
plumb
plumbago
plumber
plume
plumed
pluming
plump
plumping
plus
plush
ply
plying
poach
pock
pocked
pocket
pocketed
pod
podgy
pods
poem
poems
poet
poetry
poets
pogo
point
pointing
poise
poising
poison
poke
poked
poker
pokes
polar
pole
poled
polemic
poles
police
policing
policy
polio
polish
polite
politic
polka
poll
polled
pollen
polls
pollute
polo
polonium
polygon
pomp
ponce
pond
ponds
ponies
pony
poodle
pooh
pool
pooled
pools
poop
poor
poorer
poorly
pop
popcorn
pope
popes
poplar
poplars
popped
popper
popping
pops
popular
porch
pore
pored
pores
poring
pork
port
porter
portion
pose
posed
poser
poses
posh
posies
posing
posit
posse
possibly
post
posted
posy
pot
potato
potent
potently
potion
pots
pottery
potting
potty
pouch
poultry
pounce
pound
pour
pours
pout
pouts
poverty
powder
powdered
powdery
power
powered
powerful
pox
prairie
pram
prancing
prank
prawn
pray
prayer
prays
prebend
precept
preen
preened
prefect
prefer
prefix
prejudge
premier
premiere
premium
prepare
preparer
presence
preset
press
pressed
pressure
presume
pretence
pretend
pretty
prevent
preview
prey
preyed
preys
price
priced
pricing
pride
pried
pries
prig
prim
primacy
primal
primary
prime
primer
priming
prince
print
prints
prions
prior
priority
prise
prises
prising
prism
prison
privacy
privy
prize
prized
pro
probably
probe
probity
problem
prod
prodigy
profit
proforma
profound
program
prohibit
project
prologue
prolong
prompt
prompter
promptly
prone
prong
pronoun
proof
prop
proper
property
proposal
propose
proposer
propound
propped
props
pros
prose
prosper
protect
protocol
proton
proud
prove
proved
proverb
prow
prowl
prows
prude
prune
prunes
pry
psalm
pub
public
publicly
publish
puce
puck
pudding
puffin
pug
pull
pulled
puller
pullover
pulp
pulping
pulps
pulpy
pulse
puma
pump
pumping
pumpkin
pumps
pun
punch
punching
punctual
puncture
punier
punish
punitive
punk
puns
punt
punter
punts
pup
pupa
pupae
pupal
pupil
pupils
puppet
puppets
pups
pure
puree
purer
purge
purged
purist
purity
purl
purple
purplish
purr
purred
purrs
purse
purser
purses
pursuit
purvey
purveyed
pus
push
puss
put
puts
putt
putter
putts
puzzle
puzzling
pylon
pyramid
pyre
pyres
qua
quail
quaint
quake
quaked
quakes
quality
quanta
quantify
quantity
quantize
quantum
quarrel
quarried
quart
quarter
quash
quasi
quaver
quavers
quay
quays
quayside
queasy
queen
queens
queer
quell
quelling
queries
quern
quest
queue
queueing
queuing
quick
quickly
quiet
quietly
quill
quilt
quilted
quip
quipped
quips
quire
quit
quite
quits
quiz
quizzing
quote
quoting
rabbi
rabbis
rabbit
rabbits
rabble
rabid
rabidly
raccoon
race
raced
racer
racers
races
racial
racially
racier
racing
rack
racket
racking
racy
rad
radar
radars
radial
radian
radical
radio
radon
raffia
raft
rag
rage
raged
rages
raging
rags
raid
raider
raids
rail
rails
railway
rain
rainbow
rainfall
raining
rains
rainy
raise
raisin
raising
rake
raked
rakes
raking
rally
rallying
ram
ramble
ramming
ramp
rams
ran
ranch
rancid
random
rang
range
ranger
ranging
rangy
rank
ranking
ranks
rant
ranter
ranting
rants
rap
rapacity
rapid
rapier
rapping
raps
rapt
raptor
rare
rarer
rarest
raring
rarity
rascal
rash
rasher
rashly
rasp
raspy
raster
rat
rate
rated
rater
rates
ratify
rating
ratio
rats
rattier
rattle
ratty
ravage
ravaged
ravaging
rave
raved
ravel
raven
raver
raves
raving
raw
ray
rayon
rays
raze
razor
reach
react
read
reader
readers
reads
ready
reaffirm
real
realize
really
realm
ream
reams
reap
reaped
reaper
rear
reared
rears
rearward
reason
reassure
rebate
rebel
rebels
rebirth
rebook
rebuking
reburied
rebut
rebutted
recall
recap
recede
recedes
receipt
receive
recent
recently
recharge
recipe
recite
recode
recoil
record
recorder
recoup
recourse
recover
recovery
recreate
recruit
recur
recurred
recurs
recycle
recycled
red
redden
redder
reddest
reddish
redness
redo
redone
redound
redraw
redress
reds
reduce
reducer
redwood
reed
reeds
reedy
reef
reefed
reefs
reek
reel
reeled
reels
reeve
refer
referee
refereed
referent
referral
referred
refers
refile
refill
refine
refined
refinery
refining
refit
reflect
reflex
reflux
refluxed
reform
refreeze
refresh
refuel
refund
refunded
refute
regain
regal
regale
regally
regard
regent
reggae
regime
region
regrowth
rehearse
reheat
reify
reign
reigning
reigns
rein
reined
reining
reins
rejoice
rejoin
rejoined
relabel
relax
relay
relearn
relent
relented
reliable
relic
relics
relict
relief
relies
relieve
relit
relive
reliving
rely
remade
remain
remake
remap
remark
remedy
remember
remind
reminder
remit
remix
remodel
remorse
remote
remove
remover
removes
renal
rend
render
rends
renege
renew
renews
renounce
renown
rent
rented
renter
rents
reopen
reorder
repair
repartee
repay
repeat
repeater
repel
repent
repented
repine
reply
report
reporter
reppel
repress
reprieve
reprise
reprove
reproved
request
require
reread
rereads
reroute
rerun
rescue
rescuer
resell
resemble
resend
resent
reserve
reserved
reset
resets
reside
resign
resin
resit
resizing
resort
resource
respire
rest
rested
restore
rests
result
resume
retch
retell
retest
retested
retied
retire
retold
retort
retrace
retreat
retrench
retro
retry
retune
return
reuse
reused
reuses
rev
revamp
reveal
revel
revels
revenue
revere
revered
reveres
reverie
reverse
reversed
revert
review
reviewer
reviews
revile
reviling
revise
revival
revive
revives
revivify
reviving
revoke
revoked
revoking
revolt
revolve
revolved
revs
revue
revues
revved
reward
rewire
rewiring
reword
reworded
rework
reworked
rewrite
rheology
rho
rhombus
rhythm
rhythmic
rials
rib
ribald
ribbon
ribs
rice
rich
richer
rick
rickety
ricks
rid
riddle
ride
rider
riders
rides
ridge
ridicule
riding
rids
rife
rife>
riff
rifle
rifled
rifles
rifling
rift
rifting
rifts
rig
right
rightful
rigid
rigs
rile
riled
riles
riling
rill
rim
rime
rimmed
rims
rind
rinds
ring
ringer
ringing
rings
rink
rinks
rinse
rinsing
riot
rioter
riotous
riots
rip
ripe
ripely
ripen
ripens
riper
ripped
ripper
ripping
rippling
rips
rise
risen
riser
rises
rising
risk
risked
risking
risks
risky
risotto
risque
rissole
rite
rites
ritual
rival
rivals
riven
river
rivet
roach
road
roads
roadway
roam
roams
roan
roar
roars
rob
robe
robed
robes
robin
robot
robs
rock
rocker
rocket
rockfall
rocks
rocky
rod
rode
rodeo
rods
roe
roes
rogue
role
roles
roll
rolled
roller
rollers
rolling
rolls
roman
romp
romper
romps
rondo
roof
roofed
roofing
roofs
rook
rooks
room
rooms
roomy
roost
rooster
root
roots
rope
roped
ropes
roping
rose
roses
rosier
rosily
rosin
roster
rosy
rot
rota
rotary
rote
rotor
rotors
rots
rotted
rotten
rouge
rough
roughing
roughly
round
rounded
rounding
rounds
rouse
rout
route
router
rove
roved
rover
roving
row
rowdy
rowed
rower
rowing
rows
royal
royalty
rub
rubbed
rubbish
rubble
rubs
ruby
rudder
ruddy
rude
rudely
ruder
rudest
rue
rueful
ruefully
rues
ruff
ruffle
ruffling
ruffs
rug
rugby
rugs
ruin
ruined
ruining
ruins
rule
rulebook
ruled
ruler
rulers
rules
ruling
rum
rumble
rumbled
rump
rumple
rumps
run
runaway
rundown
rune
runes
rung
rungs
runic
runner
runnier
running
runs
runt
runts
runway
rupee
rupees
rupture
ruptured
rural
ruse
rush
rust
rusted
rustic
rustle
rusts
rusty
rut
ruts
rutted
rye
ryes
sable
sack
sacks
sacral
sacrum
sad
saddle
safe
safer
sag
saga
sagacity
sagas
sage
sages
sago
sags
said
sail
sailor
sails
saint
saints
sake
sakes
salami
salary
sale
saleable
sales
saliva
salivary
sallow
sally
salmon
salon
salons
salsa
salt
salts
salty
salutary
salve
same
sand
sane
saner
sang
sanity
sank
sap
saps
sari
saris
sash
sashes
sat
sated
satin
sating
satins
satiny
satirist
satisfy
satyr
sauce
sauces
saucy
sauna
sausage
saute
savaging
savant
save
saved
saver
saves
saving
saw
sawing
sawn
saws
sawtooth
say
says
scab
scabbard
scabs
scaffold
scalable
scalar
scald
scale
scallop
scalp
scaly
scampi
scan
scanning
scans
scansion
scant
scape
scar
scarab
scare
scarf
scarify
scars
scat
scene
scenes
scenic
scent
schedule
scheme
schemes
schizoid
scholar
sciatica
scoff
scold
scone
scones
scoop
scooper
scooping
scoot
scooter
scope
scorch
scorcher
score
scorer
scoring
scorn
scorns
scorpion
scotch
scotched
scour
scout
scouted
scree
screech
screechy
screed
screen
scribble
scribe
script
scrum
scuba
scud
scuff
scuffed
scull
sculling
scum
scurry
scuttle
scuttled
sea
seafarer
seafood
seagull
seal
seals
seam
seaman
seams
seamy
seance
sear
seared
sears
seas
seascape
seasick
season
seat
seats
seaweed
sec
secede
seceded
seclude
secrecy
secret
secrete
secreted
sect
sector
sects
secure
sedge
seduce
see
seed
seeded
seediest
seeds
seedy
seeing
seek
seeking
seem
seems
seen
seep
seeps
seer
seers
sees
seize
seized
seizing
seldom
select
selected
self
selfish
sell
seller
selling
sells
semester
send
sender
senders
sends
senile
sense
sensed
senses
sensible
sensibly
sensor
sent
sentence
sepia
sequence
sequent
serene
serenely
serf
serge
serif
serious
serried
serum
serve
served
server
service
servo
sesame
set
sets
sett
settee
settees
setter
settle
settler
setts
seven
seventh
sever
severe
severed
severely
severer
sew
sewed
sewer
sewn
sews
shabby
shack
shadow
shady
shake
shaky
shale
shall
shallow
sham
shame
shames
shampoo
shams
shank
share
sharer
shaving
shawl
she
shear
shearer
shed
sheds
sheep
sheer
sheet
sheik
shelf
shell
shells
sheriff
shied
shield
shielded
shies
shift
shifting
shin
shine
shiner
shines
shingle
shins
ship
ships
shire
shirk
shirking
shirt
shirts
shiver
shivery
shoal
shock
shocked
shod
shoddily
shoddy
shoe
shoes
shone
shoo
shook
shoot
shop
shopping
shore
shorn
short
shortish
shorts
shot
shots
should
shout
shove
shovel
shovels
shoves
show
showdown
shown
showroom
shows
shred
shredded
shrimp
shrine
shrink
shrub
shrubs
shudder
shuffle
shuffled
shun
shuns
shunt
shut
shuttle
shy
shyer
sibling
sic
sick
sickroom
side
sided
sides
siding
sidle
sidled
siege
sieges
sienna
sieve
sieved
sieving
sift
sifting
sifts
sigh
sighed
sighs
sight
sigma
sign
signed
signer
signing
signor
signs
silence
silent
silica
silk
silkworm
silky
sill
sills
silly
silo
silos
silt
silts
silty
silver
similar
simile
similes
simmer
simplify
simply
sin
since
sincere
sine
sines
sinew
sinful
sinfully
sing
singe
singed
singeing
singer
singes
singing
single
singles
singling
sings
sink
sinking
sinned
sinning
sins
sinus
sinusoid
sip
siphon
sipped
sipping
sips
sir
sire
sired
siren
sires
sirs
sisal
sit
sitar
site
sited
sites
siting
sits
sitting
six
sixfold
sixpence
sixth
sixtieth
sizable
size
sizeable
sized
sizing
sizzling
skein
skew
skewed
ski
skid
skied
skier
skies
skiing
skill
skilled
skim
skims
skin
skinny
skip
skipped
skipping
skirl
skirmish
skirt
skirts
skis
skit
skits
skua
sky
skydive
skylight
slab
slabs
slack
slain
slalom
slam
slams
slant
slap
slaps
slash
slat
slats
slave
slay
slays
sleaze
sled
sleek
sleep
sleepily
sleepy
sleet
sleeve
sleigh
slew
slice
slicer
slicing
slick
slid
slide
slider
slight
slily
slim
slime
slimes
slims
slimy
sling
slinging
slings
slink
slip
slips
slit
slits
sliver
slob
slobs
slog
slogs
sloop
slop
slope
slops
slosh
slot
sloth
sloths
slots
slough
slow
slowdown
slug
slugging
slugs
slum
slump
slums
slung
slunk
slur
slurp
slush
sly
small
smallish
smallpox
smart
smash
smashes
smear
smell
smelt
smile
smiles
smirk
smite
smith
smock
smog
smoke
smoked
smooth
smoothly
smote
smudge
smug
smuggle
snack
snag
snags
snail
snake
snaky
snap
snare
sneak
sneaky
sneer
sneers
sneezing
snick
snide
snip
snipe
sniper
sniping
snipping
snob
snobbish
snobs
snoop
snore
snores
snorkel
snort
snow
snowman
snowmen
snub
snubs
snuff
snuffle
snug
snuggle
so
soak
soap
soaps
soapy
soar
soars
sob
sober
sobs
soccer
social
society
sock
socked
sod
soda
sodden
sods
sofa
soft
softer
softwood
soil
soils
soiree
solar
sold
sole
solemn
soles
solid
solidify
soling
solo
solos
soluble
solve
solver
solves
some
somebody
someday
somehow
someone
sometime
son
sonar
song
songbook
songs
sonic
sons
soon
soot
soothe
sooty
sop
sopping
soprano
sops
sordid
sordidly
sore
sores
sorrel
sorrow
sorry
sort
sorter
sorts
sot
sought
souk
soul
sound
sounds
soup
soups
sour
source
souse
south
sow
sowed
sower
sown
sows
soy
soya
spa
space
spaces
span
spank
spar
spars
spasm
spat
spatula
speak
spec
species
specific
specify
specimen
sped
speech
speed
speeds
spell
spells
spend
spice
spices
spicing
spicy
spied
spies
spike
spiked
spiking
spill
spilling
spilt
spin
spindly
spine
spinning
spiny
spire
spirit
spit
spite
spitting
splash
splat
splicing
splint
split
spoil
spoils
spoke
spoked
spoken
sponge
sponging
sponsor
spoof
spool
spoon
spoons
spoor
spore
spot
spouse
spout
sprain
sprat
spray
spree
sprig
spring
sprint
spry
spud
spume
spun
spur
spurn
spurs
spurt
spy
squad
squadron
square
squaring
squash
squat
squatted
squeak
squeaked
squeeze
squeezer
squid
squire
squirrel
stab
stack
stacks
staff
stag
stagnant
staid
stain
staining
stains
stair
stairs
stall
stamina
stamp
stand
stank
star
stardust
stare
stars
start
starts
state
stated
states
static
statical
station
statuary
statue
status
stay
stays
stead
steam
steamy
steed
steeds
steel
steeled
steely
steep
steer
steered
steers
stem
stems
step
steps
stereo
stern
stet
stew
stewed
stews
stick
sticking
sticky
sties
stiff
stigma
stigmata
stile
stiletto
stilt
stilts
sting
stink
stint
stir
stirring
stirs
stitch
stoat
stock
stocky
stoic
stole
stomp
stone
stony
stood
stool
stoop
stop
stopoff
store
storm
story
stout
stove
stow
stowaway
strait
straits
strap
strata
stratus
stray
street
strength
stretch
strew
strict
string
strip
stroll
strum
strut
struts
strutted
stub
stubs
stucco
stud
studied
studio
studs
study
stuff
stump
stun
stung
stuns
stunt
stuntman
sturdily
sturdy
stutter
sty
style
styli
stylish
stylist
stymie
suave
sub
subdue
subdues
subduing
subgroup
subhuman
subject
submit
submits
subs
subsume
subsumed
subway
succeed
such
suck
sudden
suddenly
suds
sue
sued
suede
sues
suet
suffer
suffice
sufficed
suffix
suffixed
sugar
suggest
suicidal
suing
suit
suite
suited
suites
suitor
suits
sulk
sully
sultan
sultry
sum
summary
summed
summer
summery
sumo
sump
sums
sun
sunbed
sunburn
sunburnt
sunburst
sung
sunk
sunlit
sunroof
suns
sunshine
suntan
sup
super
supple
supply
suppose
supreme
sups
surd
sure
surely
surer
surf
surge
surgery
surly
surpass
surround
survey
survival
survive
survivor
sushi
suspect
suspense
swab
swallow
swam
swamp
swan
swap
swaps
sward
swat
sway
swear
sweet
sweetest
sweets
swell
swerve
swig
swill
swim
swimmer
swimming
swims
swimsuit
swine
swing
swirl
swirling
swish
swished
swoon
swoop
swop
sword
swore
sworn
swum
syllabic
syllable
sympathy
symphony
symposia
symptom
syrup
system
systemic
tab
table
tableau
tablet
taboo
tabs
tabulate
tacit
tack
tacked
tackle
tacks
tacky
taco
tacos
tact
tactic
tactical
tactics
tactual
tad
tag
tags
tail
tailing
tailor
tails
taint
taints
take
takeaway
taken
taker
taking
talc
tale
talent
talk
talkback
tall
tally
tallying
talon
tame
tamed
tames
tamp
tan
tang
tangle
tango
tangy
tank
tankful
tanking
tanks
tannic
tans
tantalum
tap
tape
taped
taper
taping
tapir
taps
tar
tardy
tares
tariff
tarmac
tarn
tarns
tarot
tarragon
tarry
tars
tarsal
tart
tartan
tartans
tartar
tartaric
tarts
task
tasks
taste
tasted
tastes
tasty
tattered
tattle
tau
taunt
taunts
taut
tauter
tax
taxable
taxi
tea
teabag
teach
teak
teal
team
teams
tear
tears
teas
tease
teases
teat
teats
tech
tectonic
teddies
teds
tee
teed
teeing
teem
teemed
teeming
teems
teen
teenage
teens
tees
teeter
teetered
teeth
teething
teetotal
telethon
teletype
televise
tell
teller
tellers
telling
tells
temp
temper
tempest
tempi
temple
tempo
tempt
tempting
ten
tenacity
tenant
tenants
tench
tend
tended
tendency
tender
tends
tenet
tennis
tenon
tenor
tens
tense
tenser
tent
tented
tenth
tents
tenure
tepid
tequila
term
termite
terms
tern
terns
terrace
terrazzo
terrible
terrific
terror
terry
terse
terser
tertiary
test
tested
tester
tests
tether
text
textbook
texts
texture
textured
thallium
than
thane
thank
thankful
thanking
thanks
that
thatch
thatched
thaw
thaws
the
thee
theft
their
theirs
theism
theist
theistic
them
theme
themes
then
thence
theology
theorize
theory
there
thereby
therein
thereto
these
theta
they
thick
thicken
thicket
thief
thieve
thigh
thighs
thin
thine
thing
things
think
thinking
thins
third
thirdly
thirst
thirsty
thirty
this
thistle
thong
thorn
thorough
those
thou
though
thought
three
threes
thresh
threshed
thresher
threw
thrice
thrill
thriller
thrive
throat
throb
throbs
throne
throttle
through
throw
thrower
thrown
thrust
thud
thudding
thug
thuggery
thuggish
thugs
thumb
thumbing
thumbs
thump
thumping
thunder
thus
thy
tiara
tic
tick
ticked
ticker
ticket
ticketed
ticking
ticks
tidal
tide
tides
tidied
tidies
tidily
tiding
tidy
tidying
tie
tied
tier
tiered
tiers
ties
tiger
tight
tighten
tightest
tights
tilde
tile
tiled
tiler
tiles
tiling
till
tiller
tilling
tilt
tilts
timber
timbre
time
timed
timer
times
timid
timing
timpani
tin
tinder
tine
tines
tinge
tingle
tingly
tinier
tinker
tinkle
tinned
tinny
tins
tinsel
tint
tinted
tinting
tints
tiny
tip
tipping
tips
tiptoe
tire
tired
tires
tiri
tiring
tissue
titanium
tithe
tithes
title
titles
titre
titter
titular
to
toad
toady
toast
toboggan
today
toddle
toddler
toe
toed
toeing
toes
tofu
tog
toga
together
toggling
togs
toil
toilet
toilets
toils
token
told
toll
tolled
tolling
tolls
tomahawk
tomato
tomb
tome
tomes
tomorrow
ton
tonal
tone
toned
toner
tones
tongs
tongue
tonic
tonight
toning
tonne
tons
too
took
tool
tools
toot
tooted
tooth
top
topcoat
topic
topology
topper
topping
toppling
tops
tor
torch
tore
tori
torn
tornado
torpor
torrent
torso
tort
tortilla
torts
torus
toss
tot
total
totality
totalled
totally
totals
totem
totemic
tots
totter
totters
toucan
touch
tough
toughly
toughs
tour
tourer
tourist
tours
tout
touts
tow
tower
town
tows
toxin
toy
toyed
toys
trace
tracer
track
trackway
tract
tractor
tracts
trade
traffic
tragic
trail
train
training
trait
traits
tram
trams
tranquil
transact
trap
trapdoor
tray
trays
tread
treat
treated
treaty
treble
tree
trees
trek
trekking
tremble
tremor
trench
trend
trends
trendy
tress
trestle
trews
triad
triage
trial
tribe
tric
trice
trick
trickery
trickier
tricky
trident
tried
trier
tries
trifling
trigger
trill
trilling
trillion
trilogy
trim
trimming
trims
trio
trios
trip
tripe
tripping
trips
tripwire
trite
triumph
trivia
trivial
trod
troll
trolley
trolls
troop
trope
trophy
tropic
trot
trots
trough
trout
trove
truce
trudging
true
truer
truest
truism
truisms
truly
trump
trumpet
trunk
trunking
trunnion
truss
trust
trusted
trustful
trusts
trusty
truth
truthful
try
tsar
tsarist
tsars
tsetse
tub
tuba
tube
tuber
tubes
tubing
tubs
tuck
tuft
tufts
tug
tugs
tulip
tulips
tumble
tumbler
tumbling
tun
tuna
tundra
tune
tuned
tuner
tunes
tungsten
tunic
tunics
tuning
tuns
tuppence
turbo
tureen
turf
turfs
turfy
turgid
turkey
turn
turned
turning
turnip
turns
turtle
tutelage
tutor
tutors
tuxedo
twang
tweak
twee
tweed
tweeds
tweet
twelve
twig
twigs
twilight
twin
twine
twines
twining
twinkle
twinning
twins
twirl
twist
twisting
twitch
twitter
two
twopence
twos
twosome
tying
type
typeface
typical
typify
tyre
tyres
tyros
ubiquity
udder
ugh
ugly
ulcer
ultra
umpire
unaware
unburnt
uncle
unclog
uncoil
unction
uncurled
uncut
undead
under
underfed
undid
undo
undoing
undone
undue
unedited
unerring
uneven
unevenly
unfair
unfairly
unfelt
unfit
unfold
unfolds
unicorn
uniform
unify
union
unions
unique
unison
unit
unite
united
unites
unities
units
unity
unjam
unladen
unlike
unlikely
unlit
unmade
unmet
unnamed
unpick
unripe
unsent
unset
unsold
untie
untied
unties
until
unto
untrue
unveil
unwind
unworn
up
update
updated
uplift
uplifts
upload
upon
upped
upper
upright
ups
upset
upsets
uptown
upturn
upward
upwards
uranium
urban
urbane
urchin
urea
urge
urged
urgency
urges
urging
uric
urinal
urn
urns
ursine
us
usage
usages
use
used
useful
user
users
uses
usher
using
usual
usurp
uteri
utility
utter
uttered
utters
vacant
vacate
vacated
vacation
vaccine
vacua
vagabond
vague
vaguely
vain
vainly
vale
valence
vales
valet
valiant
valid
validity
valley
valleys
valor
valuable
value
valued
valve
vampire
van
vane
vanes
vanguard
vanilla
vanish
vanity
vans
vantage
vapid
vapor
vaporize
variably
variant
varies
vary
vascular
vase
vases
vast
vat
vats
vault
veal
vector
veer
veered
veers
vegan
vehement
vehicle
veil
veiling
veils
vein
veined
veins
velar
veldt
velour
velum
venal
vend
vendor
vends
veneer
veneers
vengeful
venial
venom
vent
vented
vents
venture
venue
veranda
verb
verbose
verbs
verge
verged
verified
verifier
verify
verity
verse
versed
verve
very
vest
vet
veto
vetoed
vetoing
vets
via
viable
viably
vial
vials
vibrancy
vibrant
vibrato
vicar
vice
vices
vicinity
victim
victims
victor
victory
video
vie
vied
vies
view
viewable
viewer
viewers
views
vigil
vigor
viking
vile
viler
vilest
villa
village
villain
villas
vine
vines
vintage
vintner
vinyl
viol
viola
violet
violin
violins
viper
viral
virgin
virile
virtual
virtuoso
virus
visa
visas
visible
vision
visit
visitant
visited
visiting
visitor
visor
vista
visual
visually
vital
vitality
vitamin
vitiate
viva
vivacity
vivid
vocal
vocalize
vocally
vocation
vocative
voe
voes
voice
voiced
voices
void
voiding
voids
voile
volcano
vole
voles
volt
volume
volumes
vomit
vomited
voracity
vote
voted
voter
votes
voting
votive
vouch
vouched
voucher
vow
vowel
vowels
vows
voyage
voyages
voyaging
vulpine
vulture
vying
wad
wadding
waddle
wade
waded
wader
wades
wading
wads
wafer
waffle
waffling
waft
wag
wage
waged
wager
wages
wagged
waggle
waggled
wagon
wags
waif
wail
wails
waist
wait
waits
waive
waived
wake
wakeful
waken
wakened
waking
walk
walkable
walker
walking
wall
wallaby
wallet
walling
wallow
wallows
walls
walnut
walnuts
waltz
waltzing
wan
wand
wane
waned
waning
wanly
want
wanting
wants
war
warble
ward
warded
warder
wards
ware
wares
warfare
warhead
warily
warlock
warlord
warm
warmer
warn
warns
warp
warping
warps
warrant
warranty
warred
warrior
wars
wart
warty
wary
was
wash
washable
washday
washing
wasp
waspish
wasps
watch
watchdog
watchful
watchman
water
waterway
watery
watt
watts
wave
waveband
waved
wavelet
wavelike
wax
waxes
way
waylay
ways
we
weak
weaken
weal
wealth
wean
weaned
weapon
wear
wearable
wearer
wears
weary
weave
web
webs
wed
wedding
wedge
weds
wee
weed
weeds
weedy
week
weekday
weekend
weekly
weeks
weep
weevil
weigh
weighed
weight
weighted
weir
weird
weirs
welcome
welcomed
weld
welder
welding
welfare
well
welled
welling
wells
welt
welter
welters
welts
wench
wend
wending
went
wept
were
werewolf
west
wet
wets
whale
whales
what
wheat
wheel
wheeling
wheezing
when
whenever
where
whereby
wherever
whet
whether
whey
whiff
whiffs
while
whiled
whim
whimper
whine
whines
whip
whipcord
whiplash
whipped
whips
whir
whirl
whirled
whisk
whisking
whit
white
whiter
whither
who
whoever
whole
whom
whomever
whoop
whoops
whose
why
whys
wick
wicker
wide
widen
widening
wider
wides
widget
widow
widows
width
wield
wielding
wife
wig
wiggle
wigs
wild
wildcat
wilder
wildfowl
wildlife
wile
wilful
wilfully
wiling
will
willed
willow
wills
wilt
wilts
wily
win
wince
winch
wind
windbag
winded
windfall
winding
windmill
window
windows
winds
windward
wine
wined
wines
wineskin
wing
winged
winger
wings
wining
wink
winker
winkle
winks
winnable
winner
winning
wins
winter
wintry
wipe
wiped
wiper
wire
wired
wirer
wires
wirier
wiring
wiry
wisdom
wise
wiser
wisest
wish
wished
wishes
wishing
wisp
wisps
wit
witch
with
withdraw
wither
withhold
within
without
witness
wits
wives
wizard
wizards
woad
wobbling
woe
woeful
woes
wok
woke
woken
woks
wold
wolds
wolf
wolves
woman
womb
women
won
wonder
wont
woo
wood
woodcut
wooded
woodland
woods
woody
wooed
woofer
wool
wools
woos
word
worded
words
wordy
wore
work
workaday
workbook
workday
worked
worker
workload
workmen
workout
workroom
works
workshop
world
worm
wormhole
worms
wormy
worn
worry
worse
worship
worth
worthily
worthy
wound
wounding
wove
wow
wrack
wrap
wrapper
wrapping
wraps
wrath
wreak
wreck
wrecked
wrecking
wren
wrench
wrens
wrest
wrestle
wrestler
wring
wringer
wrings
wrinkle
writ
write
writer
writhe
wrong
wrongful
wrote
wrung
wry
yacht
yachting
yachts
yak
yaks
yam
yams
yap
yapping
yaps
yard
yards
yarn
yaw
yawn
yaws
yea
year
yearly
yearn
years
yeast
yeasts
yell
yelled
yellow
yellowed
yells
yelp
yelped
yelps
yen
yes
yet
yeti
yetis
yew
yield
yodel
yoga
yogi
yogurt
yoke
yolk
yon
yore
you
young
younger
your
yours
youth
youthful
yuan
zag
zeal
zealous
zebra
zero
zeroes
zeros
zeroth
zest
zeta
zig
zinc
zip
zipper
zone
zoned
zoo
zoology
zoom
